{"level":"INFO","time":"2022-06-16T15:43:37.086+0800","caller":"middleware/logger.go:93","msg":"/api/auth/token","status":200,"method":"POST","path":"/api/auth/token","query":"","ip":"127.0.0.1","user-agent":"PostmanRuntime/7.28.4","errors":"","cost":0.068422528}
{"level":"INFO","time":"2022-06-16T15:55:59.606+0800","caller":"middleware/logger.go:93","msg":"/api/v1/user/6","status":200,"method":"GET","path":"/api/v1/user/6","query":"","ip":"127.0.0.1","user-agent":"PostmanRuntime/7.28.4","errors":"","cost":0.005794707}
{"level":"INFO","time":"2022-06-16T16:20:45.787+0800","caller":"middleware/logger.go:20","msg":"/api/auth/token","status":200,"method":"POST","path":"/api/auth/token","query":"","ip":"127.0.0.1","user-agent":"PostmanRuntime/7.28.4","errors":"","cost":0.067253586}
{"level":"INFO","time":"2022-06-16T16:20:58.344+0800","caller":"middleware/logger.go:20","msg":"/api/v1/user/6","status":200,"method":"GET","path":"/api/v1/user/6","query":"","ip":"127.0.0.1","user-agent":"PostmanRuntime/7.28.4","errors":"","cost":0.009935839}
{"level":"INFO","time":"2022-06-16T16:21:09.137+0800","caller":"middleware/logger.go:20","msg":"/api/v1/user/7","status":200,"method":"GET","path":"/api/v1/user/7","query":"","ip":"127.0.0.1","user-agent":"PostmanRuntime/7.28.4","errors":"","cost":0.004935012}
{"level":"INFO","time":"2023-11-28T16:41:35.448+0800","caller":"middleware/logger.go:20","msg":"/","status":401,"method":"GET","path":"/","query":"","ip":"127.0.0.1","user-agent":"RapidAPI/4.2.0 (Macintosh; OS X/13.6.1) GCDHTTPRequest","errors":"","cost":0.000117083}
{"level":"INFO","time":"2023-11-28T16:51:14.620+0800","caller":"middleware/logger.go:20","msg":"/","status":401,"method":"GET","path":"/","query":"","ip":"127.0.0.1","user-agent":"PostmanRuntime-ApipostRuntime/1.1.0","errors":"","cost":0.000055125}
{"level":"INFO","time":"2023-11-28T16:51:21.216+0800","caller":"middleware/logger.go:20","msg":"/index","status":401,"method":"GET","path":"/index","query":"","ip":"127.0.0.1","user-agent":"PostmanRuntime-ApipostRuntime/1.1.0","errors":"","cost":0.000087334}
{"level":"INFO","time":"2023-11-30T15:20:40.948+0800","caller":"middleware/logger.go:25","msg":"/","hostname":"Johnny","status":200,"method":"GET","path":"/","query":"","ip":"127.0.0.1","user-agent":"Mozilla/5.0 (Macintosh; Intel Mac OS X 11_0_0) AppleWebKit/537.36 (KHTML, like Gecko) Chrome/86.0.4231.0 Safari/537.36","errors":"","cost":0.000099958}
{"level":"INFO","time":"2023-11-30T15:20:41.081+0800","caller":"middleware/logger.go:25","msg":"/favicon.ico","hostname":"Johnny","status":404,"method":"GET","path":"/favicon.ico","query":"","ip":"127.0.0.1","user-agent":"Mozilla/5.0 (Macintosh; Intel Mac OS X 11_0_0) AppleWebKit/537.36 (KHTML, like Gecko) Chrome/86.0.4231.0 Safari/537.36","errors":"","cost":0.000000462}
{"level":"INFO","time":"2023-11-30T15:20:57.961+0800","caller":"middleware/logger.go:25","msg":"/index","hostname":"Johnny","status":200,"method":"GET","path":"/index","query":"","ip":"127.0.0.1","user-agent":"Mozilla/5.0 (Macintosh; Intel Mac OS X 11_0_0) AppleWebKit/537.36 (KHTML, like Gecko) Chrome/86.0.4231.0 Safari/537.36","errors":"","cost":0.000012449}
{"level":"INFO","time":"2023-11-30T15:21:05.746+0800","caller":"middleware/logger.go:25","msg":"/healthz","hostname":"Johnny","status":200,"method":"GET","path":"/healthz","query":"","ip":"127.0.0.1","user-agent":"Mozilla/5.0 (Macintosh; Intel Mac OS X 11_0_0) AppleWebKit/537.36 (KHTML, like Gecko) Chrome/86.0.4231.0 Safari/537.36","errors":"","cost":0.007775229}
{"level":"INFO","time":"2023-11-30T15:27:31.522+0800","caller":"middleware/logger.go:25","msg":"/healthz","hostname":"Johnny","status":200,"method":"GET","path":"/healthz","query":"","ip":"127.0.0.1","user-agent":"Mozilla/5.0 (Macintosh; Intel Mac OS X 11_0_0) AppleWebKit/537.36 (KHTML, like Gecko) Chrome/86.0.4231.0 Safari/537.36","errors":"","cost":0.008240448}
{"level":"INFO","time":"2023-11-30T15:31:38.842+0800","caller":"middleware/logger.go:25","msg":"/healthz","hostname":"Johnny","status":200,"method":"GET","path":"/healthz","query":"","ip":"127.0.0.1","user-agent":"Mozilla/5.0 (Macintosh; Intel Mac OS X 11_0_0) AppleWebKit/537.36 (KHTML, like Gecko) Chrome/86.0.4231.0 Safari/537.36","errors":"","cost":0.006993029}
{"level":"INFO","time":"2023-11-30T15:45:07.412+0800","caller":"middleware/logger.go:25","msg":"/index","hostname":"Johnny","status":200,"method":"GET","path":"/index","query":"","ip":"127.0.0.1","user-agent":"Mozilla/5.0 (Macintosh; Intel Mac OS X 11_0_0) AppleWebKit/537.36 (KHTML, like Gecko) Chrome/86.0.4231.0 Safari/537.36","errors":"","cost":0.000040034}
{"level":"INFO","time":"2023-11-30T15:45:12.880+0800","caller":"middleware/logger.go:25","msg":"/swagger/index.html","hostname":"Johnny","status":200,"method":"GET","path":"/swagger/index.html","query":"","ip":"127.0.0.1","user-agent":"Mozilla/5.0 (Macintosh; Intel Mac OS X 11_0_0) AppleWebKit/537.36 (KHTML, like Gecko) Chrome/86.0.4231.0 Safari/537.36","errors":"","cost":0.000421119}
{"level":"INFO","time":"2023-11-30T15:45:12.905+0800","caller":"middleware/logger.go:25","msg":"/swagger/swagger-ui.css","hostname":"Johnny","status":200,"method":"GET","path":"/swagger/swagger-ui.css","query":"","ip":"127.0.0.1","user-agent":"Mozilla/5.0 (Macintosh; Intel Mac OS X 11_0_0) AppleWebKit/537.36 (KHTML, like Gecko) Chrome/86.0.4231.0 Safari/537.36","errors":"","cost":0.000248665}
{"level":"INFO","time":"2023-11-30T15:45:12.906+0800","caller":"middleware/logger.go:25","msg":"/swagger/swagger-ui-standalone-preset.js","hostname":"Johnny","status":200,"method":"GET","path":"/swagger/swagger-ui-standalone-preset.js","query":"","ip":"127.0.0.1","user-agent":"Mozilla/5.0 (Macintosh; Intel Mac OS X 11_0_0) AppleWebKit/537.36 (KHTML, like Gecko) Chrome/86.0.4231.0 Safari/537.36","errors":"","cost":0.00035784}
{"level":"INFO","time":"2023-11-30T15:45:12.907+0800","caller":"middleware/logger.go:25","msg":"/swagger/swagger-ui-bundle.js","hostname":"Johnny","status":200,"method":"GET","path":"/swagger/swagger-ui-bundle.js","query":"","ip":"127.0.0.1","user-agent":"Mozilla/5.0 (Macintosh; Intel Mac OS X 11_0_0) AppleWebKit/537.36 (KHTML, like Gecko) Chrome/86.0.4231.0 Safari/537.36","errors":"","cost":0.001895244}
{"level":"INFO","time":"2023-11-30T15:45:13.413+0800","caller":"middleware/logger.go:25","msg":"/swagger/doc.json","hostname":"Johnny","status":200,"method":"GET","path":"/swagger/doc.json","query":"","ip":"127.0.0.1","user-agent":"Mozilla/5.0 (Macintosh; Intel Mac OS X 11_0_0) AppleWebKit/537.36 (KHTML, like Gecko) Chrome/86.0.4231.0 Safari/537.36","errors":"","cost":0.000138054}
{"level":"INFO","time":"2023-11-30T15:45:13.450+0800","caller":"middleware/logger.go:25","msg":"/swagger/favicon-32x32.png","hostname":"Johnny","status":200,"method":"GET","path":"/swagger/favicon-32x32.png","query":"","ip":"127.0.0.1","user-agent":"Mozilla/5.0 (Macintosh; Intel Mac OS X 11_0_0) AppleWebKit/537.36 (KHTML, like Gecko) Chrome/86.0.4231.0 Safari/537.36","errors":"","cost":0.000052547}
{"level":"INFO","time":"2023-11-30T15:45:17.603+0800","caller":"middleware/logger.go:25","msg":"/metrics","hostname":"Johnny","status":404,"method":"GET","path":"/metrics","query":"","ip":"127.0.0.1","user-agent":"Mozilla/5.0 (Macintosh; Intel Mac OS X 11_0_0) AppleWebKit/537.36 (KHTML, like Gecko) Chrome/86.0.4231.0 Safari/537.36","errors":"","cost":0.000000687}
{"level":"INFO","time":"2023-11-30T15:45:24.363+0800","caller":"middleware/logger.go:25","msg":"/","hostname":"Johnny","status":200,"method":"GET","path":"/","query":"","ip":"127.0.0.1","user-agent":"Mozilla/5.0 (Macintosh; Intel Mac OS X 11_0_0) AppleWebKit/537.36 (KHTML, like Gecko) Chrome/86.0.4231.0 Safari/537.36","errors":"","cost":0.000075473}
{"level":"INFO","time":"2023-11-30T15:45:50.661+0800","caller":"middleware/logger.go:25","msg":"/healthz","hostname":"Johnny","status":200,"method":"GET","path":"/healthz","query":"","ip":"127.0.0.1","user-agent":"Mozilla/5.0 (Macintosh; Intel Mac OS X 11_0_0) AppleWebKit/537.36 (KHTML, like Gecko) Chrome/86.0.4231.0 Safari/537.36","errors":"","cost":0.015708422}
{"level":"INFO","time":"2023-11-30T15:52:34.403+0800","caller":"middleware/logger.go:25","msg":"/api/v1/tag ","hostname":"Johnny","status":404,"method":"POST","path":"/api/v1/tag ","query":"","ip":"127.0.0.1","user-agent":"PostmanRuntime/7.28.4","errors":"","cost":0.000012186}
{"level":"INFO","time":"2023-11-30T15:52:45.133+0800","caller":"middleware/logger.go:25","msg":"/api/v1/tag","hostname":"Johnny","status":400,"method":"POST","path":"/api/v1/tag","query":"","ip":"127.0.0.1","user-agent":"PostmanRuntime/7.28.4","errors":"","cost":0.016827122}
{"level":"INFO","time":"2023-11-30T15:57:13.349+0800","caller":"middleware/logger.go:25","msg":"/api/v1/tag","hostname":"Johnny","status":400,"method":"POST","path":"/api/v1/tag","query":"","ip":"127.0.0.1","user-agent":"PostmanRuntime/7.28.4","errors":"","cost":0.017920199}
{"level":"INFO","time":"2023-11-30T15:59:29.018+0800","caller":"middleware/logger.go:25","msg":"/api/v1/tag","hostname":"Johnny","status":400,"method":"POST","path":"/api/v1/tag","query":"","ip":"127.0.0.1","user-agent":"PostmanRuntime/7.28.4","errors":"","cost":0.017276178}
{"level":"INFO","time":"2023-11-30T16:06:31.580+0800","caller":"middleware/logger.go:25","msg":"/healthz","hostname":"Johnny","status":200,"method":"GET","path":"/healthz","query":"","ip":"127.0.0.1","user-agent":"Mozilla/5.0 (Macintosh; Intel Mac OS X 11_0_0) AppleWebKit/537.36 (KHTML, like Gecko) Chrome/86.0.4231.0 Safari/537.36","errors":"","cost":0.014137909}
{"level":"INFO","time":"2023-11-30T16:07:08.330+0800","caller":"middleware/logger.go:25","msg":"/api/v1/tag","hostname":"Johnny","status":400,"method":"POST","path":"/api/v1/tag","query":"","ip":"127.0.0.1","user-agent":"PostmanRuntime/7.28.4","errors":"","cost":0.016183936}
{"level":"INFO","time":"2023-11-30T16:07:36.621+0800","caller":"middleware/logger.go:25","msg":"/","hostname":"Johnny","status":200,"method":"GET","path":"/","query":"","ip":"127.0.0.1","user-agent":"Mozilla/5.0 (Macintosh; Intel Mac OS X 11_0_0) AppleWebKit/537.36 (KHTML, like Gecko) Chrome/86.0.4231.0 Safari/537.36","errors":"","cost":0.000079696}
{"level":"INFO","time":"2023-11-30T16:28:31.225+0800","caller":"middleware/logger.go:25","msg":"/api/v1/tag","hostname":"Johnny","status":400,"method":"POST","path":"/api/v1/tag","query":"","ip":"127.0.0.1","user-agent":"PostmanRuntime/7.28.4","errors":"","cost":0.235541225}
{"level":"INFO","time":"2023-11-30T16:44:52.363+0800","caller":"middleware/logger.go:25","msg":"/api/v1/tag","hostname":"Johnny","status":200,"method":"POST","path":"/api/v1/tag","query":"","ip":"127.0.0.1","user-agent":"PostmanRuntime/7.28.4","errors":"","cost":0.021010113}
{"level":"INFO","time":"2023-11-30T17:03:52.812+0800","caller":"middleware/logger.go:25","msg":"/api/v1/tag","hostname":"Johnny","status":200,"method":"POST","path":"/api/v1/tag","query":"","ip":"127.0.0.1","user-agent":"PostmanRuntime/7.28.4","errors":"","cost":0.021596432}
{"level":"INFO","time":"2023-11-30T17:04:05.187+0800","caller":"middleware/logger.go:25","msg":"/api/v1/tag","hostname":"Johnny","status":200,"method":"POST","path":"/api/v1/tag","query":"","ip":"127.0.0.1","user-agent":"PostmanRuntime/7.28.4","errors":"","cost":0.01439266}
{"level":"INFO","time":"2023-11-30T17:04:11.281+0800","caller":"middleware/logger.go:25","msg":"/api/v1/tag","hostname":"Johnny","status":400,"method":"POST","path":"/api/v1/tag","query":"","ip":"127.0.0.1","user-agent":"PostmanRuntime/7.28.4","errors":"","cost":0.013891494}
{"level":"INFO","time":"2023-11-30T17:04:29.560+0800","caller":"middleware/logger.go:25","msg":"/api/v1/tag","hostname":"Johnny","status":200,"method":"POST","path":"/api/v1/tag","query":"","ip":"127.0.0.1","user-agent":"PostmanRuntime/7.28.4","errors":"","cost":0.023772514}
{"level":"INFO","time":"2023-11-30T17:05:28.336+0800","caller":"middleware/logger.go:25","msg":"/api/v1/tag","hostname":"Johnny","status":400,"method":"POST","path":"/api/v1/tag","query":"","ip":"127.0.0.1","user-agent":"PostmanRuntime/7.28.4","errors":"","cost":0.015449948}
{"level":"INFO","time":"2023-11-30T17:05:48.329+0800","caller":"middleware/logger.go:25","msg":"/api/v1/tag","hostname":"Johnny","status":200,"method":"POST","path":"/api/v1/tag","query":"","ip":"127.0.0.1","user-agent":"PostmanRuntime/7.28.4","errors":"","cost":0.019894639}
{"level":"INFO","time":"2023-11-30T17:05:57.851+0800","caller":"middleware/logger.go:25","msg":"/api/v1/tag","hostname":"Johnny","status":200,"method":"POST","path":"/api/v1/tag","query":"","ip":"127.0.0.1","user-agent":"PostmanRuntime/7.28.4","errors":"","cost":0.025944777}
{"level":"INFO","time":"2023-11-30T17:06:11.691+0800","caller":"middleware/logger.go:25","msg":"/api/v1/tag","hostname":"Johnny","status":200,"method":"POST","path":"/api/v1/tag","query":"","ip":"127.0.0.1","user-agent":"PostmanRuntime/7.28.4","errors":"","cost":0.01488274}
{"level":"INFO","time":"2023-11-30T17:06:19.821+0800","caller":"middleware/logger.go:25","msg":"/api/v1/tags","hostname":"Johnny","status":400,"method":"GET","path":"/api/v1/tags","query":"","ip":"127.0.0.1","user-agent":"PostmanRuntime/7.28.4","errors":"","cost":0.000032769}
{"level":"INFO","time":"2023-11-30T17:06:53.458+0800","caller":"middleware/logger.go:25","msg":"/api/v1/1","hostname":"Johnny","status":404,"method":"GET","path":"/api/v1/1","query":"","ip":"127.0.0.1","user-agent":"PostmanRuntime/7.28.4","errors":"","cost":0.000001012}
{"level":"INFO","time":"2023-11-30T17:07:10.642+0800","caller":"middleware/logger.go:25","msg":"/api/v1/tag/1","hostname":"Johnny","status":404,"method":"GET","path":"/api/v1/tag/1","query":"","ip":"127.0.0.1","user-agent":"PostmanRuntime/7.28.4","errors":"","cost":0.000000488}
{"level":"INFO","time":"2023-11-30T17:09:37.658+0800","caller":"middleware/logger.go:25","msg":"/api/v1/tag/9","hostname":"Johnny","status":200,"method":"PUT","path":"/api/v1/tag/9","query":"","ip":"127.0.0.1","user-agent":"PostmanRuntime/7.28.4","errors":"","cost":0.020021935}
{"level":"INFO","time":"2023-11-30T17:17:02.240+0800","caller":"middleware/logger.go:25","msg":"/api/v1/tag/9","hostname":"Johnny","status":200,"method":"DELETE","path":"/api/v1/tag/9","query":"","ip":"127.0.0.1","user-agent":"PostmanRuntime/7.28.4","errors":"","cost":0.014520992}
{"level":"INFO","time":"2023-11-30T17:29:15.122+0800","caller":"middleware/logger.go:25","msg":"/api/v1/category","hostname":"Johnny","status":200,"method":"POST","path":"/api/v1/category","query":"","ip":"127.0.0.1","user-agent":"PostmanRuntime/7.28.4","errors":"","cost":0.020286749}
{"level":"INFO","time":"2023-11-30T17:31:32.782+0800","caller":"middleware/logger.go:25","msg":"/api/v1/category","hostname":"Johnny","status":200,"method":"POST","path":"/api/v1/category","query":"","ip":"127.0.0.1","user-agent":"PostmanRuntime/7.28.4","errors":"","cost":0.015791876}
{"level":"INFO","time":"2023-11-30T17:32:47.791+0800","caller":"middleware/logger.go:25","msg":"/api/v1/category","hostname":"Johnny","status":200,"method":"POST","path":"/api/v1/category","query":"","ip":"127.0.0.1","user-agent":"PostmanRuntime/7.28.4","errors":"","cost":0.013126417}
{"level":"INFO","time":"2023-11-30T17:34:07.526+0800","caller":"middleware/logger.go:25","msg":"/api/v1/category/1","hostname":"Johnny","status":200,"method":"PUT","path":"/api/v1/category/1","query":"","ip":"127.0.0.1","user-agent":"PostmanRuntime/7.28.4","errors":"","cost":0.025086956}
{"level":"INFO","time":"2023-11-30T17:36:53.109+0800","caller":"middleware/logger.go:25","msg":"/api/v1/category/1","hostname":"Johnny","status":200,"method":"PUT","path":"/api/v1/category/1","query":"","ip":"127.0.0.1","user-agent":"PostmanRuntime/7.28.4","errors":"","cost":0.02068427}
